MariaDB [(none)]> use sbduas;
Database changed
MariaDB [sbduas]> desc sbduas;
ERROR 1146 (42S02): Table 'sbduas.sbduas' doesn't exist
MariaDB [sbduas]> show tables;
+------------------------+
| Tables_in_sbduas       |
+------------------------+
| failed_jobs            |
| migrations             |
| password_resets        |
| personal_access_tokens |
| task_categories        |
| task_dailies           |
| task_indicators        |
| task_persons           |
| task_plans             |
| users                  |
+------------------------+
10 rows in set (0.000 sec)

MariaDB [sbduas]> SELECT 
    -> a.id, a.task_name, b.task_status, b.task_comments, d.category_name as 'Category',
    -> DATEDIFF(a.task_duration_end, a.task_duration_start) as 'Lama Pengerjaan',
    -> c.name as 'Create By', (SELECT name from users where users.id = task_dailies.user_verify_id ) as 'Verified By'
    -> FROM task_plans a
    -> RIGHT JOIN task_dailies b ON a.id = b.plan_id
    -> INNER JOIN users c ON b.id = c.id
    -> RIGHT JOIN task_categories d ON a.category_id = d.id
    -> ;
ERROR 1054 (42S22): Unknown column 'a.task_duration_start' in 'field list'
MariaDB [sbduas]> SELECT * FROM users;
+--------------------------------------+--------+---------------+-------------------+--------------+----------------+------------+------------+
| id                                   | name   | email         | email_verified_at | password     | remember_token | created_at | updated_at |
+--------------------------------------+--------+---------------+-------------------+--------------+----------------+------------+------------+
| 51ed88b2-fb06-4606-81ba-088e9ed52d1a | User B | userb@mail.co | NULL              | MD5('12345') | NULL           | NULL       | NULL       |
| 72233152-7af0-4e89-94fc-d8d02e73aba8 | User A | user@mail.co  | NULL              | MD5('12345') | NULL           | NULL       | NULL       |
+--------------------------------------+--------+---------------+-------------------+--------------+----------------+------------+------------+
2 rows in set (0.001 sec)

MariaDB [sbduas]> INSERT INTO `uas`.`task_dailies` (`id`, `user_id`, `plan_id`, `task_status`, `user_verify_id`, `task_comments`) VALUES ('fb940b68-e866-11ec-8fea-0242ac120002', '51ed88b2-fb06-4606-81ba-088e9ed52d1a', 'c96fdbd6-a3a4-42e3-b437-444ffd734a36', 'Process', '72233152-7af0-4e89-94fc-d8d02e73aba8', 'OKE');
ERROR 1146 (42S02): Table 'uas.task_dailies' doesn't exist
MariaDB [sbduas]> INSERT INTO `sbduas`.`task_dailies` (`id`, `user_id`, `plan_id`, `task_status`, `user_verify_id`, `task_comments`) VALUES ('fb940b68-e866-11ec-8fea-0242ac120002', '51ed88b2-fb06-4606-81ba-088e9ed52d1a', 'c96fdbd6-a3a4-42e3-b437-444ffd734a36', 'Process', '72233152-7af0-4e89-94fc-d8d02e73aba8', 'OKE');
Query OK, 1 row affected, 2 warnings (0.002 sec)

MariaDB [sbduas]> SELECT    a.id as ID,    a.task_name AS TASK_NAME,    a.task_status AS TASK_STATUS,    b.task_comments AS TASK_COMMENTS,    d.category_name AS KATEGORI,    DATEDIFF(a.task_duration_end, a.ask_duration_start) AS "Lama Pengerjaan",    c.name AS CREATE_BY,    (SELECT name from users where users.id = b.user_verify_id) AS VERIFIED_BYFROM task_plans AS aRIGHT JOIN task_dailies AS b ON b.plan_id = a.idJOIN users AS c ON b.id = c.idRIGHT JOIN task_categories AS d ON a.category_id = d.id;
ERROR 1064 (42000): You have an error in your SQL syntax; check the manual that corresponds to your MariaDB server version for the right syntax to use near 'task_plans AS aRIGHT JOIN task_dailies AS b ON b.plan_id = a.idJOIN users AS ...' at line 1
MariaDB [sbduas]> 